
> backend@0.1.0 build
> strapi build

node.exe : - Compiling 
TS
At line:1 char:1
+ & "C:\Program 
Files\nodejs/node.exe" 
"C:\Users\User\AppData\
Roaming\n ...
+ ~~~~~~~~~~~~~~~~~~~~~
~~~~~~~~~~~~~~~~~~~~~~~
~~~~~~~~~~~~~~~~~~~~~~~
~~
    + CategoryInfo     
         : NotSpecifi  
  ed: (- Compiling T   
 S:String) [], Remo    
teException
    + FullyQualifiedEr 
   rorId : NativeComm  
  andError
 
[96msrc/api/wiki-js-co
ntent/routes/wiki-js-co
ntent.ts[0m:[93m3[0m
:[93m43[0m - 
[91merror[0m[90m 
TS2345: [0mArgument 
of type '"api::wiki-js-
content.wiki-js-content
"' is not assignable 
to parameter of type 
'ContentType'.

[7m3[0m export 
default factories.creat
eCoreRouter('api::wiki-
js-content.wiki-js-cont
ent');
[7m [0m [91m        
                       
           ~~~~~~~~~~~~
~~~~~~~~~~~~~~~~~~~~~~~
~~~[0m

Found 1 error(s).

